// Jest Snapshot v1, https://goo.gl/fbAQLP

exports[`render App 1`] = `
<div
  className="container-fluid"
>
  <h1
    className="text-center"
  >
    Weathery
  </h1>
  <div
    className="justify-content-md-center mb-5 mt-5 row"
  >
    <div
      className="col-lg-6 col"
    >
      <div
        className="mb-0 input-group"
      >
        <input
          aria-label="Search"
          className="form-control"
          onChange={[Function]}
          placeholder="Search city"
          value=""
        />
      </div>
    </div>
  </div>
</div>
`;
